[www.packdemusicas.com.br/karaokedigital.html]
[backblue.gif]
[fade.gif]
[index.html]
[www.packdemusicas.com.br/normalize.css]
[www.packdemusicas.com.br/reset.css]
[www.packdemusicas.com.br/imgkaraoke/fav.png]
[www.packdemusicas.com.br/stylekaraoke.css]
[www.packdemusicas.com.br/imgkaraoke/artistas/01.png]
[www.packdemusicas.com.br/imgkaraoke/artistas/06.png]
[www.packdemusicas.com.br/imgkaraoke/artistas/02.png]
[www.packdemusicas.com.br/imgkaraoke/artistas/03.png]
[www.packdemusicas.com.br/imgkaraoke/artistas/04.png]
[www.packdemusicas.com.br/imgkaraoke/artistas/05.png]
[www.packdemusicas.com.br/imgkaraoke/artistas/10.png]
[www.packdemusicas.com.br/imgkaraoke/artistas/07.png]
[www.packdemusicas.com.br/imgkaraoke/artistas/08.png]
[www.packdemusicas.com.br/imgkaraoke/artistas/15.png]
[www.packdemusicas.com.br/imgkaraoke/artistas/09.png]
[www.packdemusicas.com.br/imgkaraoke/artistas/13.png]
[www.packdemusicas.com.br/imgkaraoke/artistas/11.png]
[www.packdemusicas.com.br/imgkaraoke/artistas/12.png]
[www.packdemusicas.com.br/imgkaraoke/artistas/14.png]
[www.packdemusicas.com.br/imgkaraoke/artistas/16.png]
[www.packdemusicas.com.br/imgkaraoke/artistas/17.png]
[www.packdemusicas.com.br/imgkaraoke/artistas/18.png]
[www.packdemusicas.com.br/imgkaraoke/artistas/19.png]
[www.packdemusicas.com.br/imgkaraoke/artistas/20.png]
[www.packdemusicas.com.br/imgkaraoke/artistas/21.png]
[www.packdemusicas.com.br/imgkaraoke/artistas/22.png]
[www.packdemusicas.com.br/imgkaraoke/artistas/23.png]
[www.packdemusicas.com.br/imgkaraoke/artistas/24.png]
[www.packdemusicas.com.br/imgkaraoke/artistas/25.png]
[www.packdemusicas.com.br/imgkaraoke/artistas/26.png]
[www.packdemusicas.com.br/imgkaraoke/artistas/33.png]
[www.packdemusicas.com.br/imgkaraoke/artistas/29.png]
[www.packdemusicas.com.br/imgkaraoke/artistas/30.png]
[www.packdemusicas.com.br/imgkaraoke/artistas/31.png]
[www.packdemusicas.com.br/imgkaraoke/artistas/32.png]
[www.packdemusicas.com.br/imgkaraoke/artistas/34.png]
[www.packdemusicas.com.br/imgkaraoke/artistas/37.png]
[www.packdemusicas.com.br/imgkaraoke/artistas/40.png]
[www.packdemusicas.com.br/imgkaraoke/artistas/41.png]
[www.packdemusicas.com.br/imgkaraoke/artistas/46.png]
[www.packdemusicas.com.br/imgkaraoke/artistas/50.png]
[www.packdemusicas.com.br/imgkaraoke/artistas/52.png]
[www.packdemusicas.com.br/imgkaraoke/artistas/35.png]
[www.packdemusicas.com.br/imgkaraoke/artistas/36.png]
[www.packdemusicas.com.br/imgkaraoke/artistas/38.png]
[www.packdemusicas.com.br/imgkaraoke/artistas/39.png]
[www.packdemusicas.com.br/imgkaraoke/artistas/27.png]
[www.packdemusicas.com.br/imgkaraoke/artistas/42.png]
[www.packdemusicas.com.br/imgkaraoke/artistas/43.png]
[www.packdemusicas.com.br/imgkaraoke/artistas/44.png]
[www.packdemusicas.com.br/imgkaraoke/artistas/45.png]
[www.packdemusicas.com.br/imgkaraoke/artistas/28.png]
[www.packdemusicas.com.br/imgkaraoke/artistas/47.png]
[www.packdemusicas.com.br/imgkaraoke/artistas/48.png]
[www.packdemusicas.com.br/imgkaraoke/artistas/49.png]
[www.packdemusicas.com.br/imgkaraoke/artistas/51.png]
[www.packdemusicas.com.br/imgkaraoke/artistas/53.png]
[www.packdemusicas.com.br/imgkaraoke/artistas/54.png]
[www.packdemusicas.com.br/imgkaraoke/artistas/55.png]
[www.packdemusicas.com.br/imgkaraoke/artistas/56.png]
[www.packdemusicas.com.br/imgkaraoke/artistas/57.png]
[www.packdemusicas.com.br/imgkaraoke/artistas/58.png]
[www.packdemusicas.com.br/imgkaraoke/artistas/59.png]
[www.packdemusicas.com.br/imgkaraoke/artistas/60.png]
[www.packdemusicas.com.br/imgkaraoke/artistas/80.png]
[www.packdemusicas.com.br/imgkaraoke/artistas/79.png]
[www.packdemusicas.com.br/imgkaraoke/artistas/62.png]
[www.packdemusicas.com.br/imgkaraoke/artistas/69.png]
[www.packdemusicas.com.br/imgkaraoke/artistas/64.png]
[www.packdemusicas.com.br/imgkaraoke/artistas/73.png]
[www.packdemusicas.com.br/imgkaraoke/artistas/65.png]
[www.packdemusicas.com.br/imgkaraoke/artistas/66.png]
[www.packdemusicas.com.br/imgkaraoke/artistas/75.png]
[www.packdemusicas.com.br/imgkaraoke/artistas/71.png]
[www.packdemusicas.com.br/imgkaraoke/artistas/67.png]
[www.packdemusicas.com.br/imgkaraoke/artistas/68.png]
[www.packdemusicas.com.br/imgkaraoke/artistas/63.png]
[www.packdemusicas.com.br/imgkaraoke/artistas/70.png]
[www.packdemusicas.com.br/imgkaraoke/artistas/72.png]
[www.packdemusicas.com.br/imgkaraoke/artistas/74.png]
[www.packdemusicas.com.br/imgkaraoke/artistas/76.png]
[www.packdemusicas.com.br/imgkaraoke/artistas/77.png]
[www.packdemusicas.com.br/imgkaraoke/artistas/78.png]
[www.packdemusicas.com.br/imgkaraoke/artistas/61.png]
[www.packdemusicas.com.br/imgkaraoke/artistas/81.png]
[www.packdemusicas.com.br/imgkaraoke/artistas/82.png]
[www.packdemusicas.com.br/imgkaraoke/artistas/83.png]
[www.packdemusicas.com.br/imgkaraoke/artistas/84.png]
[www.packdemusicas.com.br/imgkaraoke/artistas/91.png]
[www.packdemusicas.com.br/imgkaraoke/artistas/90.png]
[www.packdemusicas.com.br/imgkaraoke/artistas/85.png]
[www.packdemusicas.com.br/imgkaraoke/artistas/102.png]
[www.packdemusicas.com.br/imgkaraoke/artistas/101.png]
[www.packdemusicas.com.br/imgkaraoke/artistas/92.png]
[www.packdemusicas.com.br/imgkaraoke/artistas/87.png]
[www.packdemusicas.com.br/imgkaraoke/artistas/103.png]
[www.packdemusicas.com.br/imgkaraoke/artistas/89.png]
[www.packdemusicas.com.br/imgkaraoke/artistas/94.png]
[www.packdemusicas.com.br/imgkaraoke/artistas/95.png]
[www.packdemusicas.com.br/imgkaraoke/artistas/98.png]
[www.packdemusicas.com.br/imgkaraoke/artistas/99.png]
[www.packdemusicas.com.br/imgkaraoke/artistas/100.png]
[www.packdemusicas.com.br/imgkaraoke/artistas/104.png]
[www.packdemusicas.com.br/imgkaraoke/artistas/105.png]
[www.packdemusicas.com.br/imgkaraoke/artistas/106.png]
[www.packdemusicas.com.br/imgkaraoke/artistas/107.png]
[www.packdemusicas.com.br/imgkaraoke/artistas/108.png]
[www.packdemusicas.com.br/imgkaraoke/artistas/109.png]
[www.packdemusicas.com.br/imgkaraoke/artistas/110.png]
[www.packdemusicas.com.br/imgkaraoke/artistas/111.png]
[www.packdemusicas.com.br/imgkaraoke/artistas/112.png]
[www.packdemusicas.com.br/imgkaraoke/artistas/113.png]
[www.packdemusicas.com.br/imgkaraoke/artistas/114.png]
[www.packdemusicas.com.br/imgkaraoke/artistas/115.png]
[www.packdemusicas.com.br/imgkaraoke/artistas/116.png]
[www.packdemusicas.com.br/imgkaraoke/artistas/121.png]
[www.packdemusicas.com.br/imgkaraoke/artistas/117.png]
[www.packdemusicas.com.br/imgkaraoke/artistas/124.png]
[www.packdemusicas.com.br/imgkaraoke/artistas/118.png]
[www.packdemusicas.com.br/imgkaraoke/artistas/122.png]
[www.packdemusicas.com.br/imgkaraoke/artistas/119.png]
[www.packdemusicas.com.br/imgkaraoke/artistas/120.png]
[www.packdemusicas.com.br/imgkaraoke/artistas/125.png]
[www.packdemusicas.com.br/imgkaraoke/artistas/126.png]
[www.packdemusicas.com.br/imgkaraoke/artistas/134.png]
[www.packdemusicas.com.br/imgkaraoke/artistas/127.png]
[www.packdemusicas.com.br/imgkaraoke/artistas/128.png]
[www.packdemusicas.com.br/imgkaraoke/artistas/137.png]
[www.packdemusicas.com.br/imgkaraoke/artistas/132.png]
[www.packdemusicas.com.br/imgkaraoke/artistas/133.png]
[www.packdemusicas.com.br/imgkaraoke/artistas/131.png]
[www.packdemusicas.com.br/imgkaraoke/artistas/129.png]
[www.packdemusicas.com.br/imgkaraoke/artistas/130.png]
[www.packdemusicas.com.br/imgkaraoke/artistas/135.png]
[www.packdemusicas.com.br/imgkaraoke/artistas/136.png]
[www.packdemusicas.com.br/imgkaraoke/artistas/138.png]
[www.packdemusicas.com.br/imgkaraoke/artistas/139.png]
[www.packdemusicas.com.br/imgkaraoke/artistas/140.png]
[www.packdemusicas.com.br/imgkaraoke/artistas/148.png]
[www.packdemusicas.com.br/imgkaraoke/artistas/141.png]
[www.packdemusicas.com.br/imgkaraoke/artistas/147.png]
[www.packdemusicas.com.br/imgkaraoke/artistas/142.png]
[www.packdemusicas.com.br/imgkaraoke/artistas/143.png]
[www.packdemusicas.com.br/imgkaraoke/artistas/144.png]
[www.packdemusicas.com.br/imgkaraoke/artistas/145.png]
[www.packdemusicas.com.br/imgkaraoke/artistas/146.png]
[www.packdemusicas.com.br/imgkaraoke/artistas/149.png]
[www.packdemusicas.com.br/imgkaraoke/artistas/150.png]
[www.packdemusicas.com.br/imgkaraoke/artistas/151.png]
[www.packdemusicas.com.br/imgkaraoke/artistas/152.png]
[www.packdemusicas.com.br/imgkaraoke/artistas/153.png]
[www.packdemusicas.com.br/imgkaraoke/artistas/171.png]
[www.packdemusicas.com.br/imgkaraoke/artistas/154.png]
[www.packdemusicas.com.br/imgkaraoke/artistas/155.png]
[www.packdemusicas.com.br/imgkaraoke/artistas/156.png]
[www.packdemusicas.com.br/imgkaraoke/artistas/164.png]
[www.packdemusicas.com.br/imgkaraoke/artistas/161.png]
[www.packdemusicas.com.br/imgkaraoke/artistas/159.png]
[www.packdemusicas.com.br/imgkaraoke/artistas/160.png]
[www.packdemusicas.com.br/imgkaraoke/artistas/158.png]
[www.packdemusicas.com.br/imgkaraoke/artistas/162.png]
[www.packdemusicas.com.br/imgkaraoke/artistas/163.png]
[www.packdemusicas.com.br/imgkaraoke/artistas/157.png]
[www.packdemusicas.com.br/imgkaraoke/artistas/165.png]
[www.packdemusicas.com.br/imgkaraoke/artistas/166.png]
[www.packdemusicas.com.br/imgkaraoke/artistas/167.png]
[www.packdemusicas.com.br/imgkaraoke/artistas/168.png]
[www.packdemusicas.com.br/imgkaraoke/artistas/169.png]
[www.packdemusicas.com.br/imgkaraoke/artistas/170.png]
[www.packdemusicas.com.br/imgkaraoke/artistas/172.png]
[www.packdemusicas.com.br/imgkaraoke/artistas/173.png]
[www.packdemusicas.com.br/imgkaraoke/artistas/174.png]
[www.packdemusicas.com.br/imgkaraoke/artistas/175.png]
[www.packdemusicas.com.br/imgkaraoke/artistas/176.png]
[www.packdemusicas.com.br/imgkaraoke/artistas/177.png]
[www.packdemusicas.com.br/imgkaraoke/artistas/178.png]
[www.packdemusicas.com.br/imgkaraoke/artistas/180.png]
[www.packdemusicas.com.br/imgkaraoke/artistas/181.png]
[www.packdemusicas.com.br/imgkaraoke/artistas/192.png]
[www.packdemusicas.com.br/imgkaraoke/artistas/187.png]
[www.packdemusicas.com.br/imgkaraoke/artistas/182.png]
[www.packdemusicas.com.br/imgkaraoke/artistas/183.png]
[www.packdemusicas.com.br/imgkaraoke/artistas/185.png]
[www.packdemusicas.com.br/imgkaraoke/artistas/186.png]
[www.packdemusicas.com.br/imgkaraoke/artistas/188.png]
[www.packdemusicas.com.br/imgkaraoke/artistas/189.png]
[www.packdemusicas.com.br/imgkaraoke/artistas/193.png]
[www.packdemusicas.com.br/imgkaraoke/artistas/191.png]
[www.packdemusicas.com.br/imgkaraoke/artistas/202.png]
[www.packdemusicas.com.br/imgkaraoke/artistas/184.png]
[www.packdemusicas.com.br/imgkaraoke/artistas/190.png]
[www.packdemusicas.com.br/imgkaraoke/artistas/194.png]
[www.packdemusicas.com.br/imgkaraoke/artistas/195.png]
[www.packdemusicas.com.br/imgkaraoke/artistas/196.png]
[www.packdemusicas.com.br/imgkaraoke/artistas/197.png]
[www.packdemusicas.com.br/imgkaraoke/artistas/198.png]
[www.packdemusicas.com.br/imgkaraoke/artistas/199.png]
[www.packdemusicas.com.br/imgkaraoke/artistas/200.png]
[www.packdemusicas.com.br/imgkaraoke/artistas/201.png]
[www.packdemusicas.com.br/imgkaraoke/artistas/203.png]
[www.packdemusicas.com.br/imgkaraoke/pdf01.png]
[www.packdemusicas.com.br/imgkaraoke/pdf02.png]
[www.packdemusicas.com.br/pesquisa.html]
[www.packdemusicas.com.br/imgkaraoke/ajuda01.png]
[www.packdemusicas.com.br/imgkaraoke/ajuda02.png]
[www.packdemusicas.com.br/imgkaraoke/ajuda03.png]
[www.packdemusicas.com.br/imgkaraoke/Logotipo.png]
[www.packdemusicas.com.br/imgkaraoke/WhatsApp.png]
[www.packdemusicas.com.br/imgkaraoke/Instagram.png]
[www.packdemusicas.com.br/imgkaraoke/Facebook.png]
[www.packdemusicas.com.br/imgkaraoke/Youtube.png]
[www.packdemusicas.com.br/imgkaraoke/imglogin.png]
[packdemusicas.com/scriptkaraoke.js]
[www.packdemusicas.com.br/karaokedigital.html]
[www.packdemusicas.com.br/normalize.css]
[www.packdemusicas.com.br/reset.css]
[www.packdemusicas.com.br/imgkaraoke/Logotipo02.png]
[www.packdemusicas.com.br/imgkaraoke/01.png]
[www.packdemusicas.com.br/imgkaraoke/bgbranco.png]
[www.packdemusicas.com.br/imgkaraoke/tutorial01.png]
[www.packdemusicas.com.br/imgkaraoke/tutorial02.png]
[www.packdemusicas.com.br/imgkaraoke/tutorial03.png]
[www.packdemusicas.com.br/stylekaraoke.css]
[www.packdemusicas.com.br/pesquisa.html]
[packdemusicas.com/scriptkaraoke.js]
